
> frontend@0.2.0-beta.0 prebuild
> node scripts/generate-env.js

Wrote D:\MC-LARENS_ERP2\frontend\public\env.js

> frontend@0.2.0-beta.0 build
> vite build

[36mvite v7.3.1 [32mbuilding client environment for production...[36m[39m
transforming...
[32mΓ£ô[39m 3339 modules transformed.
rendering chunks...
computing gzip size...
[2mbuild/[22m[32mindex.html                                                    [39m[1m[2m  1.93 kB[22m[1m[22m[2m Γöé gzip:   0.81 kB[22m
[2mbuild/[22m[32massets/jetbrains-mono-greek-400-normal-C190GLew.woff2         [39m[1m[2m  4.23 kB[22m[1m[22m
[2mbuild/[22m[32massets/jetbrains-mono-greek-500-normal-JpySY46c.woff2         [39m[1m[2m  4.28 kB[22m[1m[22m
[2mbuild/[22m[32massets/public-sans-vietnamese-500-normal-DjztbcKe.woff2       [39m[1m[2m  4.50 kB[22m[1m[22m
[2mbuild/[22m[32massets/public-sans-vietnamese-600-normal-P4BtCUdw.woff2       [39m[1m[2m  4.50 kB[22m[1m[22m
[2mbuild/[22m[32massets/public-sans-vietnamese-400-normal-TxZB8OSn.woff2       [39m[1m[2m  4.52 kB[22m[1m[22m
[2mbuild/[22m[32massets/jetbrains-mono-cyrillic-400-normal-BEIGL1Tu.woff2      [39m[1m[2m  5.33 kB[22m[1m[22m
[2mbuild/[22m[32massets/jetbrains-mono-cyrillic-500-normal-DmUKJPL_.woff2      [39m[1m[2m  5.36 kB[22m[1m[22m
[2mbuild/[22m[32massets/jetbrains-mono-vietnamese-400-normal-CqNFfHCs.woff     [39m[1m[2m  5.37 kB[22m[1m[22m
[2mbuild/[22m[32massets/jetbrains-mono-vietnamese-500-normal-DNRqzVM1.woff     [39m[1m[2m  5.48 kB[22m[1m[22m
[2mbuild/[22m[32massets/jetbrains-mono-greek-400-normal-B9oWc5Lo.woff          [39m[1m[2m  5.66 kB[22m[1m[22m
[2mbuild/[22m[32massets/jetbrains-mono-greek-500-normal-D7SFKleX.woff          [39m[1m[2m  5.72 kB[22m[1m[22m
[2mbuild/[22m[32massets/public-sans-vietnamese-500-normal-CXYe29CY.woff        [39m[1m[2m  5.94 kB[22m[1m[22m
[2mbuild/[22m[32massets/public-sans-vietnamese-400-normal-BO1meqcx.woff        [39m[1m[2m  5.94 kB[22m[1m[22m
[2mbuild/[22m[32massets/public-sans-vietnamese-600-normal-CcnAzmUX.woff        [39m[1m[2m  5.94 kB[22m[1m[22m
[2mbuild/[22m[32massets/barlow-condensed-vietnamese-600-normal-CNlPk46_.woff   [39m[1m[2m  6.08 kB[22m[1m[22m
[2mbuild/[22m[32massets/barlow-condensed-vietnamese-700-normal-DhIzd8Tb.woff   [39m[1m[2m  6.10 kB[22m[1m[22m
[2mbuild/[22m[32massets/barlow-condensed-vietnamese-800-normal-BZxKbt5V.woff   [39m[1m[2m  6.18 kB[22m[1m[22m
[2mbuild/[22m[32massets/jetbrains-mono-cyrillic-400-normal-ugxPyKxw.woff       [39m[1m[2m  6.98 kB[22m[1m[22m
[2mbuild/[22m[32massets/jetbrains-mono-cyrillic-500-normal-DJqRU3vO.woff       [39m[1m[2m  7.02 kB[22m[1m[22m
[2mbuild/[22m[32massets/jetbrains-mono-latin-ext-400-normal-Bc8Ftmh3.woff2     [39m[1m[2m  7.34 kB[22m[1m[22m
[2mbuild/[22m[32massets/jetbrains-mono-latin-ext-500-normal-Cut-4mMH.woff2     [39m[1m[2m  7.53 kB[22m[1m[22m
[2mbuild/[22m[32massets/barlow-condensed-vietnamese-700-normal-DYeBwlKR.woff2  [39m[1m[2m  7.64 kB[22m[1m[22m
[2mbuild/[22m[32massets/barlow-condensed-vietnamese-600-normal-A5AYRdjN.woff2  [39m[1m[2m  7.70 kB[22m[1m[22m
[2mbuild/[22m[32massets/barlow-condensed-vietnamese-800-normal-CpjukuLw.woff2  [39m[1m[2m  7.81 kB[22m[1m[22m
[2mbuild/[22m[32massets/jetbrains-mono-latin-ext-400-normal-fXTG6kC5.woff      [39m[1m[2m 10.13 kB[22m[1m[22m
[2mbuild/[22m[32massets/jetbrains-mono-latin-ext-500-normal-ckzbgY84.woff      [39m[1m[2m 10.34 kB[22m[1m[22m
[2mbuild/[22m[32massets/public-sans-latin-ext-500-normal-DC-z7ASZ.woff2        [39m[1m[2m 10.45 kB[22m[1m[22m
[2mbuild/[22m[32massets/public-sans-latin-ext-400-normal-mk90oQqJ.woff2        [39m[1m[2m 10.45 kB[22m[1m[22m
[2mbuild/[22m[32massets/public-sans-latin-ext-600-normal-DchWdWJ_.woff2        [39m[1m[2m 10.52 kB[22m[1m[22m
[2mbuild/[22m[32massets/barlow-condensed-latin-ext-800-normal-gY_0Gifi.woff    [39m[1m[2m 11.92 kB[22m[1m[22m
[2mbuild/[22m[32massets/barlow-condensed-latin-ext-600-normal-Clv9cIcR.woff    [39m[1m[2m 11.97 kB[22m[1m[22m
[2mbuild/[22m[32massets/barlow-condensed-latin-ext-700-normal-BIHFfxf0.woff    [39m[1m[2m 11.99 kB[22m[1m[22m
[2mbuild/[22m[32massets/public-sans-latin-ext-400-normal-B02wwOdZ.woff         [39m[1m[2m 14.20 kB[22m[1m[22m
[2mbuild/[22m[32massets/public-sans-latin-ext-500-normal-BHCCp-na.woff         [39m[1m[2m 14.20 kB[22m[1m[22m
[2mbuild/[22m[32massets/public-sans-latin-ext-600-normal-DfkbVac2.woff         [39m[1m[2m 14.26 kB[22m[1m[22m
[2mbuild/[22m[32massets/barlow-condensed-latin-ext-600-normal-18ESti3H.woff2   [39m[1m[2m 14.52 kB[22m[1m[22m
[2mbuild/[22m[32massets/barlow-condensed-latin-ext-800-normal-DGNyg4u8.woff2   [39m[1m[2m 14.55 kB[22m[1m[22m
[2mbuild/[22m[32massets/public-sans-latin-600-normal-Fru-LXNs.woff2            [39m[1m[2m 14.59 kB[22m[1m[22m
[2mbuild/[22m[32massets/public-sans-latin-400-normal-8Rpg0ruU.woff2            [39m[1m[2m 14.63 kB[22m[1m[22m
[2mbuild/[22m[32massets/barlow-condensed-latin-ext-700-normal-CwuXbfVR.woff2   [39m[1m[2m 14.64 kB[22m[1m[22m
[2mbuild/[22m[32massets/public-sans-latin-500-normal-NlrCPXnF.woff2            [39m[1m[2m 14.66 kB[22m[1m[22m
[2mbuild/[22m[32massets/public-sans-latin-400-normal-SBbinRkI.woff             [39m[1m[2m 18.49 kB[22m[1m[22m
[2mbuild/[22m[32massets/public-sans-latin-500-normal-vCxiVFAq.woff             [39m[1m[2m 18.52 kB[22m[1m[22m
[2mbuild/[22m[32massets/public-sans-latin-600-normal-BR59oU-I.woff             [39m[1m[2m 18.56 kB[22m[1m[22m
[2mbuild/[22m[32massets/barlow-condensed-latin-800-normal-e9GbPXiK.woff        [39m[1m[2m 18.72 kB[22m[1m[22m
[2mbuild/[22m[32massets/barlow-condensed-latin-700-normal-Dmwat-ge.woff        [39m[1m[2m 18.82 kB[22m[1m[22m
[2mbuild/[22m[32massets/barlow-condensed-latin-600-normal-BFJEwTuo.woff        [39m[1m[2m 18.89 kB[22m[1m[22m
[2mbuild/[22m[32massets/jetbrains-mono-latin-400-normal-V6pRDFza.woff2         [39m[1m[2m 21.17 kB[22m[1m[22m
[2mbuild/[22m[32massets/jetbrains-mono-latin-500-normal-BWZEU5yA.woff2         [39m[1m[2m 21.83 kB[22m[1m[22m
[2mbuild/[22m[32massets/barlow-condensed-latin-600-normal-DepVgxBB.woff2       [39m[1m[2m 22.31 kB[22m[1m[22m
[2mbuild/[22m[32massets/barlow-condensed-latin-700-normal-v1xN8_Wq.woff2       [39m[1m[2m 22.44 kB[22m[1m[22m
[2mbuild/[22m[32massets/barlow-condensed-latin-800-normal-BKzMuPgK.woff2       [39m[1m[2m 22.46 kB[22m[1m[22m
[2mbuild/[22m[32massets/jetbrains-mono-latin-400-normal-6-qcROiO.woff          [39m[1m[2m 27.50 kB[22m[1m[22m
[2mbuild/[22m[32massets/jetbrains-mono-latin-500-normal-CJOVTJB7.woff          [39m[1m[2m 28.21 kB[22m[1m[22m
[2mbuild/[22m[35massets/vendor-BzJco3_9.css                                    [39m[1m[2m 30.22 kB[22m[1m[22m[2m Γöé gzip:  14.66 kB[22m
[2mbuild/[22m[35massets/index-B6XdfRpc.css                                     [39m[1m[2m100.25 kB[22m[1m[22m[2m Γöé gzip:  16.49 kB[22m
[2mbuild/[22m[36massets/FollowupsPage-CidMIcL_.js                              [39m[1m[2m  0.41 kB[22m[1m[22m[2m Γöé gzip:   0.28 kB[22m
[2mbuild/[22m[36massets/progress-Dafpm7LO.js                                   [39m[1m[2m  0.43 kB[22m[1m[22m[2m Γöé gzip:   0.31 kB[22m
[2mbuild/[22m[36massets/textarea-Bha-H4Zm.js                                   [39m[1m[2m  0.49 kB[22m[1m[22m[2m Γöé gzip:   0.35 kB[22m
[2mbuild/[22m[36massets/checkbox-CDUxILcr.js                                   [39m[1m[2m  0.62 kB[22m[1m[22m[2m Γöé gzip:   0.39 kB[22m
[2mbuild/[22m[36massets/input-wqlrl-jJ.js                                      [39m[1m[2m  0.69 kB[22m[1m[22m[2m Γöé gzip:   0.42 kB[22m
[2mbuild/[22m[36massets/switch-B8OMlnUp.js                                     [39m[1m[2m  0.82 kB[22m[1m[22m[2m Γöé gzip:   0.45 kB[22m
[2mbuild/[22m[36massets/tabs-D79TFqjU.js                                       [39m[1m[2m  1.10 kB[22m[1m[22m[2m Γöé gzip:   0.46 kB[22m
[2mbuild/[22m[36massets/table-BeEnXp4Y.js                                      [39m[1m[2m  1.60 kB[22m[1m[22m[2m Γöé gzip:   0.56 kB[22m
[2mbuild/[22m[36massets/NotificationsPage-ud7OT_e6.js                          [39m[1m[2m  2.03 kB[22m[1m[22m[2m Γöé gzip:   0.82 kB[22m
[2mbuild/[22m[36massets/dialog-B_ImNHMv.js                                     [39m[1m[2m  2.18 kB[22m[1m[22m[2m Γöé gzip:   0.86 kB[22m
[2mbuild/[22m[36massets/vehicleThumbnail-Dj8NRsAg.js                           [39m[1m[2m  2.30 kB[22m[1m[22m[2m Γöé gzip:   1.20 kB[22m
[2mbuild/[22m[36massets/ApprovalsPage-D-_T8kNR.js                              [39m[1m[2m  2.51 kB[22m[1m[22m[2m Γöé gzip:   1.00 kB[22m
[2mbuild/[22m[36massets/popover-DVrMVn68.js                                    [39m[1m[2m  2.80 kB[22m[1m[22m[2m Γöé gzip:   1.15 kB[22m
[2mbuild/[22m[36massets/WarehousesPage-D91PBsBF.js                             [39m[1m[2m  2.97 kB[22m[1m[22m[2m Γöé gzip:   1.19 kB[22m
[2mbuild/[22m[36massets/select-D_Z_DeLa.js                                     [39m[1m[2m  3.09 kB[22m[1m[22m[2m Γöé gzip:   1.15 kB[22m
[2mbuild/[22m[36massets/SamplesPage-DgAnZkd0.js                                [39m[1m[2m  3.82 kB[22m[1m[22m[2m Γöé gzip:   1.47 kB[22m
[2mbuild/[22m[36massets/KDSPage-CdhnZhvi.js                                    [39m[1m[2m  6.02 kB[22m[1m[22m[2m Γöé gzip:   1.98 kB[22m
[2mbuild/[22m[36massets/TutorialsPage-CY2z4dz3.js                              [39m[1m[2m  6.24 kB[22m[1m[22m[2m Γöé gzip:   1.76 kB[22m
[2mbuild/[22m[36massets/ProductTransfersPage-BhadD1sG.js                       [39m[1m[2m  6.69 kB[22m[1m[22m[2m Γöé gzip:   2.14 kB[22m
[2mbuild/[22m[36massets/ReportsPage-_iQS5k9r.js                                [39m[1m[2m  7.45 kB[22m[1m[22m[2m Γöé gzip:   2.28 kB[22m
[2mbuild/[22m[36massets/DeliveriesPage-DVzCP8pj.js                             [39m[1m[2m 10.40 kB[22m[1m[22m[2m Γöé gzip:   2.85 kB[22m
[2mbuild/[22m[36massets/AttendanceClockPage-CAx3lEjv.js                        [39m[1m[2m 10.76 kB[22m[1m[22m[2m Γöé gzip:   4.06 kB[22m
[2mbuild/[22m[36massets/CreditsPage-BY_oej95.js                                [39m[1m[2m 10.84 kB[22m[1m[22m[2m Γöé gzip:   3.12 kB[22m

(!) Some chunks are larger than 700 kB after minification. Consider:
- Using dynamic import() to code-split the application
- Use build.rollupOptions.output.manualChunks to improve chunking: https://rollupjs.org/configuration-options/#output-manualchunks
- Adjust chunk size limit for this warning via build.chunkSizeWarningLimit.
[2mbuild/[22m[36massets/VehiclesPage-B4mnxJSY.js                               [39m[1m[2m 10.90 kB[22m[1m[22m[2m Γöé gzip:   3.34 kB[22m
[2mbuild/[22m[36massets/WorkOrdersPage-CUP_C7V8.js                             [39m[1m[2m 11.17 kB[22m[1m[22m[2m Γöé gzip:   3.51 kB[22m
[2mbuild/[22m[36massets/DashboardPage-Bf20-bbH.js                              [39m[1m[2m 11.26 kB[22m[1m[22m[2m Γöé gzip:   3.81 kB[22m
[2mbuild/[22m[36massets/ReturnsPage-D0eDAxxa.js                                [39m[1m[2m 11.32 kB[22m[1m[22m[2m Γöé gzip:   3.43 kB[22m
[2mbuild/[22m[36massets/TechnicianMobilePage-BSOOhIQO.js                       [39m[1m[2m 11.43 kB[22m[1m[22m[2m Γöé gzip:   3.15 kB[22m
[2mbuild/[22m[36massets/SettingsPage-ChYjGlzY.js                               [39m[1m[2m 12.20 kB[22m[1m[22m[2m Γöé gzip:   3.65 kB[22m
[2mbuild/[22m[36massets/BranchesPage-D5e-SM4h.js                               [39m[1m[2m 12.32 kB[22m[1m[22m[2m Γöé gzip:   2.54 kB[22m
[2mbuild/[22m[36massets/CalendarPage-yDdVHOsb.js                               [39m[1m[2m 12.53 kB[22m[1m[22m[2m Γöé gzip:   3.68 kB[22m
[2mbuild/[22m[36massets/SystemSettingsPage-B-gUfdzh.js                         [39m[1m[2m 12.62 kB[22m[1m[22m[2m Γöé gzip:   4.01 kB[22m
[2mbuild/[22m[36massets/WarrantiesPage-DilFml7r.js                             [39m[1m[2m 13.44 kB[22m[1m[22m[2m Γöé gzip:   3.58 kB[22m
[2mbuild/[22m[36massets/PromotionsPage-B6yRhfTD.js                             [39m[1m[2m 13.48 kB[22m[1m[22m[2m Γöé gzip:   3.69 kB[22m
[2mbuild/[22m[36massets/DispatchPage-Zhq-h_ML.js                               [39m[1m[2m 13.85 kB[22m[1m[22m[2m Γöé gzip:   4.06 kB[22m
[2mbuild/[22m[36massets/HyperVisorPage-BjMOE5Ff.js                             [39m[1m[2m 14.00 kB[22m[1m[22m[2m Γöé gzip:   4.54 kB[22m
[2mbuild/[22m[36massets/CatalogPage-Ca3azk3I.js                                [39m[1m[2m 15.48 kB[22m[1m[22m[2m Γöé gzip:   5.03 kB[22m
[2mbuild/[22m[36massets/QualityControlPage-DalG2EYu.js                         [39m[1m[2m 16.74 kB[22m[1m[22m[2m Γöé gzip:   3.94 kB[22m
[2mbuild/[22m[36massets/TintOrdersPage-CG47KY2A.js                             [39m[1m[2m 17.66 kB[22m[1m[22m[2m Γöé gzip:   4.91 kB[22m
[2mbuild/[22m[36massets/QuotationsPage-CP-82_zZ.js                             [39m[1m[2m 22.92 kB[22m[1m[22m[2m Γöé gzip:   7.24 kB[22m
[2mbuild/[22m[36massets/SaleForm-ES4_4ldV.js                                   [39m[1m[2m 27.25 kB[22m[1m[22m[2m Γöé gzip:   7.67 kB[22m
[2mbuild/[22m[36massets/UsersAdminPage-DWCUL5H-.js                             [39m[1m[2m 28.55 kB[22m[1m[22m[2m Γöé gzip:   7.04 kB[22m
[2mbuild/[22m[36massets/CustomersPage-CmPXVsGj.js                              [39m[1m[2m 37.13 kB[22m[1m[22m[2m Γöé gzip:   9.37 kB[22m
[2mbuild/[22m[36massets/SalesPage-CA9Uc26l.js                                  [39m[1m[2m 40.72 kB[22m[1m[22m[2m Γöé gzip:  12.10 kB[22m
[2mbuild/[22m[36massets/HumanResourcesPage-Ct6n9-Et.js                         [39m[1m[2m 43.50 kB[22m[1m[22m[2m Γöé gzip:   8.29 kB[22m
[2mbuild/[22m[36massets/InventoryPage-BaX-cP0f.js                              [39m[1m[2m 48.70 kB[22m[1m[22m[2m Γöé gzip:  10.83 kB[22m
[2mbuild/[22m[36massets/date-vendor-C_DU2axU.js                                [39m[1m[2m 60.97 kB[22m[1m[22m[2m Γöé gzip:  17.98 kB[22m
[2mbuild/[22m[36massets/index-BXlQI8nG.js                                      [39m[1m[2m 62.78 kB[22m[1m[22m[2m Γöé gzip:  19.31 kB[22m
[2mbuild/[22m[36massets/charts-vendor-0G1vU3Dh.js                              [39m[1m[2m255.89 kB[22m[1m[22m[2m Γöé gzip:  67.80 kB[22m
[2mbuild/[22m[36massets/vendor-BQ0MkT7g.js                                     [39m[1m[2m555.27 kB[22m[1m[22m[2m Γöé gzip: 184.89 kB[22m
[2mbuild/[22m[36massets/vehicleCatalog-JZjGzg8E.js                             [39m[1m[33m851.75 kB[39m[22m[2m Γöé gzip:  79.88 kB[22m
[32mΓ£ô built in 36.61s[39m
