
> frontend@0.2.0-beta.0 prebuild
> node scripts/generate-env.js

Wrote D:\MC-LARENS_ERP2\frontend\public\env.js

> frontend@0.2.0-beta.0 build
> vite build

[36mvite v7.3.1 [32mbuilding client environment for production...[36m[39m
transforming...
[32mΓ£ô[39m 3351 modules transformed.
rendering chunks...
computing gzip size...
[2mbuild/[22m[32mindex.html                                                    [39m[1m[2m  1.93 kB[22m[1m[22m[2m Γöé gzip:   0.81 kB[22m
[2mbuild/[22m[32massets/jetbrains-mono-greek-400-normal-C190GLew.woff2         [39m[1m[2m  4.23 kB[22m[1m[22m
[2mbuild/[22m[32massets/jetbrains-mono-greek-500-normal-JpySY46c.woff2         [39m[1m[2m  4.28 kB[22m[1m[22m
[2mbuild/[22m[32massets/public-sans-vietnamese-500-normal-DjztbcKe.woff2       [39m[1m[2m  4.50 kB[22m[1m[22m
[2mbuild/[22m[32massets/public-sans-vietnamese-600-normal-P4BtCUdw.woff2       [39m[1m[2m  4.50 kB[22m[1m[22m
[2mbuild/[22m[32massets/public-sans-vietnamese-400-normal-TxZB8OSn.woff2       [39m[1m[2m  4.52 kB[22m[1m[22m
[2mbuild/[22m[32massets/jetbrains-mono-cyrillic-400-normal-BEIGL1Tu.woff2      [39m[1m[2m  5.33 kB[22m[1m[22m
[2mbuild/[22m[32massets/jetbrains-mono-cyrillic-500-normal-DmUKJPL_.woff2      [39m[1m[2m  5.36 kB[22m[1m[22m
[2mbuild/[22m[32massets/jetbrains-mono-vietnamese-400-normal-CqNFfHCs.woff     [39m[1m[2m  5.37 kB[22m[1m[22m
[2mbuild/[22m[32massets/jetbrains-mono-vietnamese-500-normal-DNRqzVM1.woff     [39m[1m[2m  5.48 kB[22m[1m[22m
[2mbuild/[22m[32massets/jetbrains-mono-greek-400-normal-B9oWc5Lo.woff          [39m[1m[2m  5.66 kB[22m[1m[22m
[2mbuild/[22m[32massets/jetbrains-mono-greek-500-normal-D7SFKleX.woff          [39m[1m[2m  5.72 kB[22m[1m[22m
[2mbuild/[22m[32massets/public-sans-vietnamese-500-normal-CXYe29CY.woff        [39m[1m[2m  5.94 kB[22m[1m[22m
[2mbuild/[22m[32massets/public-sans-vietnamese-400-normal-BO1meqcx.woff        [39m[1m[2m  5.94 kB[22m[1m[22m
[2mbuild/[22m[32massets/public-sans-vietnamese-600-normal-CcnAzmUX.woff        [39m[1m[2m  5.94 kB[22m[1m[22m
[2mbuild/[22m[32massets/barlow-condensed-vietnamese-600-normal-CNlPk46_.woff   [39m[1m[2m  6.08 kB[22m[1m[22m
[2mbuild/[22m[32massets/barlow-condensed-vietnamese-700-normal-DhIzd8Tb.woff   [39m[1m[2m  6.10 kB[22m[1m[22m
[2mbuild/[22m[32massets/barlow-condensed-vietnamese-800-normal-BZxKbt5V.woff   [39m[1m[2m  6.18 kB[22m[1m[22m
[2mbuild/[22m[32massets/jetbrains-mono-cyrillic-400-normal-ugxPyKxw.woff       [39m[1m[2m  6.98 kB[22m[1m[22m
[2mbuild/[22m[32massets/jetbrains-mono-cyrillic-500-normal-DJqRU3vO.woff       [39m[1m[2m  7.02 kB[22m[1m[22m
[2mbuild/[22m[32massets/jetbrains-mono-latin-ext-400-normal-Bc8Ftmh3.woff2     [39m[1m[2m  7.34 kB[22m[1m[22m
[2mbuild/[22m[32massets/jetbrains-mono-latin-ext-500-normal-Cut-4mMH.woff2     [39m[1m[2m  7.53 kB[22m[1m[22m
[2mbuild/[22m[32massets/barlow-condensed-vietnamese-700-normal-DYeBwlKR.woff2  [39m[1m[2m  7.64 kB[22m[1m[22m
[2mbuild/[22m[32massets/barlow-condensed-vietnamese-600-normal-A5AYRdjN.woff2  [39m[1m[2m  7.70 kB[22m[1m[22m
[2mbuild/[22m[32massets/barlow-condensed-vietnamese-800-normal-CpjukuLw.woff2  [39m[1m[2m  7.81 kB[22m[1m[22m
[2mbuild/[22m[32massets/jetbrains-mono-latin-ext-400-normal-fXTG6kC5.woff      [39m[1m[2m 10.13 kB[22m[1m[22m
[2mbuild/[22m[32massets/jetbrains-mono-latin-ext-500-normal-ckzbgY84.woff      [39m[1m[2m 10.34 kB[22m[1m[22m
[2mbuild/[22m[32massets/public-sans-latin-ext-500-normal-DC-z7ASZ.woff2        [39m[1m[2m 10.45 kB[22m[1m[22m
[2mbuild/[22m[32massets/public-sans-latin-ext-400-normal-mk90oQqJ.woff2        [39m[1m[2m 10.45 kB[22m[1m[22m
[2mbuild/[22m[32massets/public-sans-latin-ext-600-normal-DchWdWJ_.woff2        [39m[1m[2m 10.52 kB[22m[1m[22m
[2mbuild/[22m[32massets/barlow-condensed-latin-ext-800-normal-gY_0Gifi.woff    [39m[1m[2m 11.92 kB[22m[1m[22m
[2mbuild/[22m[32massets/barlow-condensed-latin-ext-600-normal-Clv9cIcR.woff    [39m[1m[2m 11.97 kB[22m[1m[22m
[2mbuild/[22m[32massets/barlow-condensed-latin-ext-700-normal-BIHFfxf0.woff    [39m[1m[2m 11.99 kB[22m[1m[22m
[2mbuild/[22m[32massets/public-sans-latin-ext-400-normal-B02wwOdZ.woff         [39m[1m[2m 14.20 kB[22m[1m[22m
[2mbuild/[22m[32massets/public-sans-latin-ext-500-normal-BHCCp-na.woff         [39m[1m[2m 14.20 kB[22m[1m[22m
[2mbuild/[22m[32massets/public-sans-latin-ext-600-normal-DfkbVac2.woff         [39m[1m[2m 14.26 kB[22m[1m[22m
[2mbuild/[22m[32massets/barlow-condensed-latin-ext-600-normal-18ESti3H.woff2   [39m[1m[2m 14.52 kB[22m[1m[22m
[2mbuild/[22m[32massets/barlow-condensed-latin-ext-800-normal-DGNyg4u8.woff2   [39m[1m[2m 14.55 kB[22m[1m[22m
[2mbuild/[22m[32massets/public-sans-latin-600-normal-Fru-LXNs.woff2            [39m[1m[2m 14.59 kB[22m[1m[22m
[2mbuild/[22m[32massets/public-sans-latin-400-normal-8Rpg0ruU.woff2            [39m[1m[2m 14.63 kB[22m[1m[22m
[2mbuild/[22m[32massets/barlow-condensed-latin-ext-700-normal-CwuXbfVR.woff2   [39m[1m[2m 14.64 kB[22m[1m[22m
[2mbuild/[22m[32massets/public-sans-latin-500-normal-NlrCPXnF.woff2            [39m[1m[2m 14.66 kB[22m[1m[22m
[2mbuild/[22m[32massets/public-sans-latin-400-normal-SBbinRkI.woff             [39m[1m[2m 18.49 kB[22m[1m[22m
[2mbuild/[22m[32massets/public-sans-latin-500-normal-vCxiVFAq.woff             [39m[1m[2m 18.52 kB[22m[1m[22m
[2mbuild/[22m[32massets/public-sans-latin-600-normal-BR59oU-I.woff             [39m[1m[2m 18.56 kB[22m[1m[22m
[2mbuild/[22m[32massets/barlow-condensed-latin-800-normal-e9GbPXiK.woff        [39m[1m[2m 18.72 kB[22m[1m[22m
[2mbuild/[22m[32massets/barlow-condensed-latin-700-normal-Dmwat-ge.woff        [39m[1m[2m 18.82 kB[22m[1m[22m
[2mbuild/[22m[32massets/barlow-condensed-latin-600-normal-BFJEwTuo.woff        [39m[1m[2m 18.89 kB[22m[1m[22m
[2mbuild/[22m[32massets/jetbrains-mono-latin-400-normal-V6pRDFza.woff2         [39m[1m[2m 21.17 kB[22m[1m[22m
[2mbuild/[22m[32massets/jetbrains-mono-latin-500-normal-BWZEU5yA.woff2         [39m[1m[2m 21.83 kB[22m[1m[22m
[2mbuild/[22m[32massets/barlow-condensed-latin-600-normal-DepVgxBB.woff2       [39m[1m[2m 22.31 kB[22m[1m[22m
[2mbuild/[22m[32massets/barlow-condensed-latin-700-normal-v1xN8_Wq.woff2       [39m[1m[2m 22.44 kB[22m[1m[22m
[2mbuild/[22m[32massets/barlow-condensed-latin-800-normal-BKzMuPgK.woff2       [39m[1m[2m 22.46 kB[22m[1m[22m
[2mbuild/[22m[32massets/jetbrains-mono-latin-400-normal-6-qcROiO.woff          [39m[1m[2m 27.50 kB[22m[1m[22m
[2mbuild/[22m[32massets/jetbrains-mono-latin-500-normal-CJOVTJB7.woff          [39m[1m[2m 28.21 kB[22m[1m[22m
[2mbuild/[22m[35massets/vendor-BzJco3_9.css                                    [39m[1m[2m 30.22 kB[22m[1m[22m[2m Γöé gzip:  14.66 kB[22m
[2mbuild/[22m[35massets/index-rI_wFevN.css                                     [39m[1m[2m122.55 kB[22m[1m[22m[2m Γöé gzip:  19.41 kB[22m
[2mbuild/[22m[36massets/exchangeRate-B8xtKHiZ.js                               [39m[1m[2m  0.38 kB[22m[1m[22m[2m Γöé gzip:   0.28 kB[22m
[2mbuild/[22m[36massets/FollowupsPage-FbEQOi-b.js                              [39m[1m[2m  0.41 kB[22m[1m[22m[2m Γöé gzip:   0.28 kB[22m
[2mbuild/[22m[36massets/progress-CE8qHIwK.js                                   [39m[1m[2m  0.43 kB[22m[1m[22m[2m Γöé gzip:   0.31 kB[22m
[2mbuild/[22m[36massets/textarea-8TbqGzpg.js                                   [39m[1m[2m  0.49 kB[22m[1m[22m[2m Γöé gzip:   0.34 kB[22m
[2mbuild/[22m[36massets/checkbox-Dgcqkkkw.js                                   [39m[1m[2m  0.62 kB[22m[1m[22m[2m Γöé gzip:   0.38 kB[22m
[2mbuild/[22m[36massets/switch-C6pfGRzs.js                                     [39m[1m[2m  0.82 kB[22m[1m[22m[2m Γöé gzip:   0.44 kB[22m
[2mbuild/[22m[36massets/popover-DBX6St03.js                                    [39m[1m[2m  0.82 kB[22m[1m[22m[2m Γöé gzip:   0.44 kB[22m
[2mbuild/[22m[36massets/serverDrafts-DQ4kVk2A.js                               [39m[1m[2m  1.04 kB[22m[1m[22m[2m Γöé gzip:   0.49 kB[22m
[2mbuild/[22m[36massets/tabs-BiaVo2jf.js                                       [39m[1m[2m  1.10 kB[22m[1m[22m[2m Γöé gzip:   0.46 kB[22m
[2mbuild/[22m[36massets/table-C7xX_KxT.js                                      [39m[1m[2m  1.60 kB[22m[1m[22m[2m Γöé gzip:   0.56 kB[22m
[2mbuild/[22m[36massets/calendar-BWEZULsj.js                                   [39m[1m[2m  2.07 kB[22m[1m[22m[2m Γöé gzip:   0.86 kB[22m
[2mbuild/[22m[36massets/dialog-CQJvKUh2.js                                     [39m[1m[2m  2.18 kB[22m[1m[22m[2m Γöé gzip:   0.86 kB[22m
[2mbuild/[22m[36massets/vehicleThumbnail-Dj8NRsAg.js                           [39m[1m[2m  2.30 kB[22m[1m[22m[2m Γöé gzip:   1.20 kB[22m
[2mbuild/[22m[36massets/ApprovalsPage-CvUECyqG.js                              [39m[1m[2m  2.51 kB[22m[1m[22m[2m Γöé gzip:   0.99 kB[22m
[2mbuild/[22m[36massets/WarehousesPage-C1m9-DX6.js                             [39m[1m[2m  2.94 kB[22m[1m[22m[2m Γöé gzip:   1.18 kB[22m
[2mbuild/[22m[36massets/select-DptodE3a.js                                     [39m[1m[2m  3.09 kB[22m[1m[22m[2m Γöé gzip:   1.14 kB[22m
[2mbuild/[22m[36massets/NotificationsPage-D3DL5sGB.js                          [39m[1m[2m  3.45 kB[22m[1m[22m[2m Γöé gzip:   1.31 kB[22m
[2mbuild/[22m[36massets/SamplesPage-KiQdQoTD.js                                [39m[1m[2m  3.78 kB[22m[1m[22m[2m Γöé gzip:   1.46 kB[22m
[2mbuild/[22m[36massets/WorkbenchPage-CJR8B04q.js                              [39m[1m[2m  5.22 kB[22m[1m[22m[2m Γöé gzip:   1.86 kB[22m
[2mbuild/[22m[36massets/KDSPage-D2j_0y0h.js                                    [39m[1m[2m  6.02 kB[22m[1m[22m[2m Γöé gzip:   1.98 kB[22m
[2mbuild/[22m[36massets/TutorialsPage-BIQ83F5A.js                              [39m[1m[2m  6.24 kB[22m[1m[22m[2m Γöé gzip:   1.76 kB[22m
[2mbuild/[22m[36massets/ProductTransfersPage-8P7e6zDN.js                       [39m[1m[2m  6.66 kB[22m[1m[22m[2m Γöé gzip:   2.13 kB[22m
[2mbuild/[22m[36massets/ReportsPage-DBjDVir4.js                                [39m[1m[2m  7.42 kB[22m[1m[22m[2m Γöé gzip:   2.26 kB[22m
[2mbuild/[22m[36massets/DeliveriesPage-UTvpgOVz.js                             [39m[1m[2m 10.37 kB[22m[1m[22m[2m Γöé gzip:   2.84 kB[22m
[2mbuild/[22m[36massets/AttendanceClockPage-DQkl3jjX.js                        [39m[1m[2m 10.76 kB[22m[1m[22m[2m Γöé gzip:   4.06 kB[22m
[2mbuild/[22m[36massets/VehiclesPage-_VNLMv2U.js                               [39m[1m[2m 10.80 kB[22m[1m[22m[2m Γöé gzip:   3.41 kB[22m
[2mbuild/[22m[36massets/CreditsPage-CLZDPga1.js                                [39m[1m[2m 10.81 kB[22m[1m[22m[2m Γöé gzip:   3.11 kB[22m
[2mbuild/[22m[36massets/WorkOrdersPage-Bj8SEVTg.js                             [39m[1m[2m 11.14 kB[22m[1m[22m[2m Γöé gzip:   3.49 kB[22m
[2mbuild/[22m[36massets/DashboardPage-jSngrnMP.js                              [39m[1m[2m 11.22 kB[22m[1m[22m[2m Γöé gzip:   3.80 kB[22m
[2mbuild/[22m[36massets/ReturnsPage-BqVsoh8B.js                                [39m[1m[2m 11.28 kB[22m[1m[22m[2m Γöé gzip:   3.42 kB[22m
[2mbuild/[22m[36massets/TechnicianMobilePage-SIMyfJG3.js                       [39m[1m[2m 11.43 kB[22m[1m[22m[2m Γöé gzip:   3.15 kB[22m
[2mbuild/[22m[36massets/BranchesPage-DNFIWjee.js                               [39m[1m[2m 12.29 kB[22m[1m[22m[2m Γöé gzip:   2.53 kB[22m
[2mbuild/[22m[36massets/CalendarPage-JJ0CDFv_.js                               [39m[1m[2m 12.53 kB[22m[1m[22m[2m Γöé gzip:   3.68 kB[22m
[2mbuild/[22m[36massets/SystemSettingsPage-2y0RQN9m.js                         [39m[1m[2m 12.59 kB[22m[1m[22m[2m Γöé gzip:   4.00 kB[22m
[2mbuild/[22m[36massets/WarrantiesPage-DWCPOV_k.js                             [39m[1m[2m 13.41 kB[22m[1m[22m[2m Γöé gzip:   3.56 kB[22m
[2mbuild/[22m[36massets/PromotionsPage-DDAWqqwl.js                             [39m[1m[2m 13.48 kB[22m[1m[22m[2m Γöé gzip:   3.69 kB[22m
[2mbuild/[22m[36massets/DispatchPage-CggRGeU8.js                               [39m[1m[2m 13.82 kB[22m[1m[22m[2m Γöé gzip:   4.05 kB[22m
[2mbuild/[22m[36massets/HyperVisorPage-B2fORQFl.js                             [39m[1m[2m 13.97 kB[22m[1m[22m[2m Γöé gzip:   4.52 kB[22m
[2mbuild/[22m[36massets/QualityControlPage-BOaLq1Sm.js                         [39m[1m[2m 16.74 kB[22m[1m[22m[2m Γöé gzip:   3.94 kB[22m
[2mbuild/[22m[36massets/TintOrdersPage-ah7mfhtw.js                             [39m[1m[2m 17.63 kB[22m[1m[22m[2m Γöé gzip:   4.89 kB[22m
[2mbuild/[22m[36massets/CatalogPage-Donf4YBZ.js                                [39m[1m[2m 19.07 kB[22m[1m[22m[2m Γöé gzip:   6.13 kB[22m
[2mbuild/[22m[36massets/QuotationsPage-BLOpB4tx.js                             [39m[1m[2m 24.37 kB[22m[1m[22m[2m Γöé gzip:   8.26 kB[22m
[2mbuild/[22m[36massets/UsersAdminPage-B8P-tZex.js                             [39m[1m[2m 28.52 kB[22m[1m[22m[2m Γöé gzip:   7.03 kB[22m
[2mbuild/[22m[36massets/SettingsPage-BLipzvd_.js                               [39m[1m[2m 31.05 kB[22m[1m[22m[2m Γöé gzip:   7.38 kB[22m
[2mbuild/[22m[36massets/CustomersPage-nMaJF1Zy.js                              [39m[1m[2m 36.76 kB[22m[1m[22m[2m Γöé gzip:   9.43 kB[22m
[2mbuild/[22m[36massets/CashierPage-BwOxav8V.js                                [39m[1m[2m 38.07 kB[22m[1m[22m[2m Γöé gzip:   9.94 kB[22m
[2mbuild/[22m[36massets/SaleForm-Di8JWvL0.js                                   [39m[1m[2m 42.87 kB[22m[1m[22m[2m Γöé gzip:  10.87 kB[22m
[2mbuild/[22m[36massets/HumanResourcesPage-C8rHKSbd.js                         [39m[1m[2m 43.46 kB[22m[1m[22m[2m Γöé gzip:   8.28 kB[22m
[2mbuild/[22m[36massets/SalesPage-DXjG6dbW.js                                  [39m[1m[2m 48.43 kB[22m[1m[22m[2m Γöé gzip:  14.04 kB[22m
[2mbuild/[22m[36massets/InventoryPage-DuNIf3oG.js                              [39m[1m[2m 50.04 kB[22m[1m[22m[2m Γöé gzip:  11.09 kB[22m
[2mbuild/[22m[36massets/date-vendor-BjaS6SyK.js                                [39m[1m[2m 60.97 kB[22m[1m[22m[2m Γöé gzip:  17.98 kB[22m
[2mbuild/[22m[36massets/index-D9CrF0af.js                                      [39m[1m[2m 75.13 kB[22m[1m[22m[2m Γöé gzip:  23.03 kB[22m
[2mbuild/[22m[36massets/charts-vendor-CPNTCwou.js                              [39m[1m[2m255.89 kB[22m[1m[22m[2m Γöé gzip:  67.80 kB[22m
[2mbuild/[22m[36massets/vendor-JKKKfV88.js                                     [39m[1m[2m578.25 kB[22m[1m[22m[2m Γöé gzip: 192.00 kB[22m
[2mbuild/[22m[36massets/vehicleCatalog-CP2ezMWM.js                             [39m[1m[33m885.03 kB[39m[22m[2m Γöé gzip:  84.63 kB[22m

(!) Some chunks are larger than 700 kB after minification. Consider:
- Using dynamic import() to code-split the application
- Use build.rollupOptions.output.manualChunks to improve chunking: https://rollupjs.org/configuration-options/#output-manualchunks
- Adjust chunk size limit for this warning via build.chunkSizeWarningLimit.
[32mΓ£ô built in 1m 8s[39m
